// Jest Snapshot v1, https://goo.gl/fbAQLP

exports[`should render the Quote page 1`] = `
Object {
  "asFragment": [Function],
  "baseElement": <body>
    <div>
      <div
        class="calcContainer"
      >
        <nav>
          <h1
            class="logo"
          >
            Math Magician
          </h1>
          <p>
            by NR MNDEBELE
          </p>
          <ul>
            <li>
              <a
                href="/"
              >
                Home
              </a>
            </li>
            <li>
              <a
                href="/Calculator"
              >
                Calculator
              </a>
            </li>
            <li>
              <a
                href="/pages/quotes"
              >
                Motivation
              </a>
            </li>
          </ul>
        </nav>
        <div
          class="calculator"
        >
          <h1
            class="heading"
          >
            Calculator( )
          </h1>
          by Nonhlanhla Mndebele
          <input
            class="result-screen"
            readonly=""
            type="text"
            value="0"
          />
          <div
            class="buttons"
          >
            <div
              class="row"
            >
              <button
                type="button"
              >
                AC
              </button>
              <button
                type="button"
              >
                +/-
              </button>
              <button
                type="button"
              >
                %
              </button>
              <button
                type="button"
              >
                /
              </button>
               
            </div>
            <div
              class="row"
            >
              <button
                type="button"
              >
                7
              </button>
              <button
                type="button"
              >
                8
              </button>
              <button
                type="button"
              >
                9
              </button>
              <button
                type="button"
              >
                *
              </button>
               
            </div>
            <div
              class="row"
            >
              <button
                type="button"
              >
                4
              </button>
              <button
                type="button"
              >
                5
              </button>
              <button
                type="button"
              >
                6
              </button>
              <button
                type="button"
              >
                -
              </button>
               
            </div>
            <div
              class="row"
            >
              <button
                type="button"
              >
                1
              </button>
              <button
                type="button"
              >
                2
              </button>
              <button
                type="button"
              >
                3
              </button>
              <button
                type="button"
              >
                +
              </button>
               
            </div>
            <div
              class="row"
            >
              <button
                type="button"
              >
                0
              </button>
              <button
                type="button"
              >
                .
              </button>
              <button
                type="button"
              >
                =
              </button>
               
            </div>
          </div>
        </div>
      </div>
    </div>
  </body>,
  "container": <div>
    <div
      class="calcContainer"
    >
      <nav>
        <h1
          class="logo"
        >
          Math Magician
        </h1>
        <p>
          by NR MNDEBELE
        </p>
        <ul>
          <li>
            <a
              href="/"
            >
              Home
            </a>
          </li>
          <li>
            <a
              href="/Calculator"
            >
              Calculator
            </a>
          </li>
          <li>
            <a
              href="/pages/quotes"
            >
              Motivation
            </a>
          </li>
        </ul>
      </nav>
      <div
        class="calculator"
      >
        <h1
          class="heading"
        >
          Calculator( )
        </h1>
        by Nonhlanhla Mndebele
        <input
          class="result-screen"
          readonly=""
          type="text"
          value="0"
        />
        <div
          class="buttons"
        >
          <div
            class="row"
          >
            <button
              type="button"
            >
              AC
            </button>
            <button
              type="button"
            >
              +/-
            </button>
            <button
              type="button"
            >
              %
            </button>
            <button
              type="button"
            >
              /
            </button>
             
          </div>
          <div
            class="row"
          >
            <button
              type="button"
            >
              7
            </button>
            <button
              type="button"
            >
              8
            </button>
            <button
              type="button"
            >
              9
            </button>
            <button
              type="button"
            >
              *
            </button>
             
          </div>
          <div
            class="row"
          >
            <button
              type="button"
            >
              4
            </button>
            <button
              type="button"
            >
              5
            </button>
            <button
              type="button"
            >
              6
            </button>
            <button
              type="button"
            >
              -
            </button>
             
          </div>
          <div
            class="row"
          >
            <button
              type="button"
            >
              1
            </button>
            <button
              type="button"
            >
              2
            </button>
            <button
              type="button"
            >
              3
            </button>
            <button
              type="button"
            >
              +
            </button>
             
          </div>
          <div
            class="row"
          >
            <button
              type="button"
            >
              0
            </button>
            <button
              type="button"
            >
              .
            </button>
            <button
              type="button"
            >
              =
            </button>
             
          </div>
        </div>
      </div>
    </div>
  </div>,
  "debug": [Function],
  "findAllByAltText": [Function],
  "findAllByDisplayValue": [Function],
  "findAllByLabelText": [Function],
  "findAllByPlaceholderText": [Function],
  "findAllByRole": [Function],
  "findAllByTestId": [Function],
  "findAllByText": [Function],
  "findAllByTitle": [Function],
  "findByAltText": [Function],
  "findByDisplayValue": [Function],
  "findByLabelText": [Function],
  "findByPlaceholderText": [Function],
  "findByRole": [Function],
  "findByTestId": [Function],
  "findByText": [Function],
  "findByTitle": [Function],
  "getAllByAltText": [Function],
  "getAllByDisplayValue": [Function],
  "getAllByLabelText": [Function],
  "getAllByPlaceholderText": [Function],
  "getAllByRole": [Function],
  "getAllByTestId": [Function],
  "getAllByText": [Function],
  "getAllByTitle": [Function],
  "getByAltText": [Function],
  "getByDisplayValue": [Function],
  "getByLabelText": [Function],
  "getByPlaceholderText": [Function],
  "getByRole": [Function],
  "getByTestId": [Function],
  "getByText": [Function],
  "getByTitle": [Function],
  "queryAllByAltText": [Function],
  "queryAllByDisplayValue": [Function],
  "queryAllByLabelText": [Function],
  "queryAllByPlaceholderText": [Function],
  "queryAllByRole": [Function],
  "queryAllByTestId": [Function],
  "queryAllByText": [Function],
  "queryAllByTitle": [Function],
  "queryByAltText": [Function],
  "queryByDisplayValue": [Function],
  "queryByLabelText": [Function],
  "queryByPlaceholderText": [Function],
  "queryByRole": [Function],
  "queryByTestId": [Function],
  "queryByText": [Function],
  "queryByTitle": [Function],
  "rerender": [Function],
  "unmount": [Function],
}
`;
